RT Weight Program Output:

Database Title: "Untitled BRL-CAD Database"
Time Stamp: Sat Jan 14 09:01:50 2012


Density Table Used:/path/to/.density

Material  Density(g/cm^3)  Name
--------  ---------------  -------------
    2         7.8200       Carbon Tool Steel
    3         2.7000       Aluminum, 6061-T6
    4         2.7400       Aluminum, 7079-T6
    6        19.3200       Gold, pure
    7         8.0300       Stainless, 18Cr-8Ni
    8         7.4700       Stainless 27Cr
    9         7.7150       Steel, tool
   10         7.8400       Carbon Steel
   12         3.0000       Gunner
   14        10.0000       Fuel
Weight by region name (in grams, density given in g/cm^3):

 Weight   Matl  LOS  Material Name  Density Name
-------- ------ --- --------------- ------- -------------
   7.822     2  100 Carbon Tool Ste  7.8200 /boxes/box1.r
   8.021     7  100 Stainless, 18Cr  8.0300 /boxes/box2.r
   3.001    12  100 Gunner           3.0000 /boxes/box3.r
Weight by region ID (in grams):

  ID   Weight  Region Names
----- -------- --------------------
 1000   15.843 /boxes/box1.r
	       /boxes/box2.r
 1010    3.001 /boxes/box3.r
RT Weight Program Output:

Database Title: "Untitled BRL-CAD Database"
Time Stamp: Sat Jan 14 09:01:50 2012


Total volume = 2.99933 cm^3

Centroid: X = 1.98812 cm
	  Y = 1.98833 cm
	  Z = 1.98831 cm

Total mass = 18.8433 grams

